[2026-06-01 01:41:16.746] [COMMANDS] GET attempt 3/4
[2026-06-01 01:41:17.114] [COMMANDS] Response status: 200 OK
[2026-06-01 01:41:17.115] [COMMANDS] Response body: {"name":"commands.txt","path":"DESKTOP-SDBADVS_DEEBYTE_COMPUTERS/commands.txt","sha":"e69de29bb2d1d6434b8b29ae775ad8c2e48c5391","size":0,"url":"https://api.github.com/repos/hehehahaheha/ToSayHello/contents/DESKTOP-SDBADVS_DEEBYTE_COMPUTERS/commands.txt?ref=main","html_url":"https://github.com/hehehahaheha/ToSayHello/blob/main/DESKTOP-SDBADVS_DEEBYTE_COMPUTERS/commands.txt","git_url":"https://api.github.com/repos/hehehahaheha/ToSayHello/git/blobs/e69de29bb2d1d6434b8b29ae775ad8c2e48c5391","download_url":"https://raw.githubusercontent.com/hehehahaheha/ToSayHello/main/DESKTOP-SDBADVS_DEEBYTE_COMPUTERS/commands.txt?token=B2RBTTAOPDQWURQQTDOJDXLKDSOSTAA","type":"file","content":"","encoding":"base64","_links":{"self":"https://api.github.com/repos/hehehahaheha/ToSayHello/contents/DESKTOP-SDBADVS_DEEBYTE_COMPUTERS/commands.txt?ref=main","git":"https://api.github.com/repos/hehehahaheha/ToSayHello/git/blobs/e69de29bb2d1d6434b8b29ae775ad8c2e48c5391","html":"https://github.com/hehehahaheha/ToSayHello/blob/main/DESKTOP-SDBADVS_DEEBYTE_COMPUTERS/commands.txt"}}
[2026-06-01 01:41:17.127] [COMMANDS] Encoded content length: 0
[2026-06-01 01:41:17.130] [COMMANDS] Cleaned base64 length: 0
[2026-06-01 01:41:17.131] [COMMANDS] Decoded content empty on attempt 3
[2026-06-01 01:41:20.151] [COMMANDS] GET attempt 4/4
[2026-06-01 01:41:20.501] [COMMANDS] Response status: 200 OK
[2026-06-01 01:41:20.504] [COMMANDS] Response body: {"name":"commands.txt","path":"DESKTOP-SDBADVS_DEEBYTE_COMPUTERS/commands.txt","sha":"e69de29bb2d1d6434b8b29ae775ad8c2e48c5391","size":0,"url":"https://api.github.com/repos/hehehahaheha/ToSayHello/contents/DESKTOP-SDBADVS_DEEBYTE_COMPUTERS/commands.txt?ref=main","html_url":"https://github.com/hehehahaheha/ToSayHello/blob/main/DESKTOP-SDBADVS_DEEBYTE_COMPUTERS/commands.txt","git_url":"https://api.github.com/repos/hehehahaheha/ToSayHello/git/blobs/e69de29bb2d1d6434b8b29ae775ad8c2e48c5391","download_url":"https://raw.githubusercontent.com/hehehahaheha/ToSayHello/main/DESKTOP-SDBADVS_DEEBYTE_COMPUTERS/commands.txt?token=B2RBTTGGYQK54E5N7H2EQELKDSOSZAA","type":"file","content":"","encoding":"base64","_links":{"self":"https://api.github.com/repos/hehehahaheha/ToSayHello/contents/DESKTOP-SDBADVS_DEEBYTE_COMPUTERS/commands.txt?ref=main","git":"https://api.github.com/repos/hehehahaheha/ToSayHello/git/blobs/e69de29bb2d1d6434b8b29ae775ad8c2e48c5391","html":"https://github.com/hehehahaheha/ToSayHello/blob/main/DESKTOP-SDBADVS_DEEBYTE_COMPUTERS/commands.txt"}}
[2026-06-01 01:41:20.506] [COMMANDS] Encoded content length: 0
[2026-06-01 01:41:20.508] [COMMANDS] Cleaned base64 length: 0
[2026-06-01 01:41:20.510] [COMMANDS] Decoded content empty on attempt 4
[2026-06-01 01:41:20.515] [COMMANDS] Total commands fetched: 0
[2026-06-01 01:41:20.522] SUCCESS: Found 0 command(s) to process
[2026-06-01 01:41:20.524] Processing screenshot config...
[2026-06-01 01:41:20.526] [TRACE] handle_capture_settings: start
[2026-06-01 01:41:20.611] [SCREENSHOT] Fetching config from: https://api.github.com/repos/hehehahaheha/ToSayHello/contents/DESKTOP-SDBADVS_DEEBYTE_COMPUTERS/screenshots/config.json?ref=main
[2026-06-01 01:41:21.288] [SCREENSHOT] Config response status: 200 OK
[2026-06-01 01:41:21.293] [SCREENSHOT] Config parsed: trigger=false, number=5, delay=0
[2026-06-01 01:41:21.295] [SCREENSHOT] capture_screenshots called: trigger=false, number=5
[LOG 2026-06-01 01:41:21.298] [SCREENSHOT] initiate_image_capture start: trigger=false, number=5, delay_ms=0, prefix=DESKTOP-SDBADVS_DEEBYTE_COMPUTERS
[LOG 2026-06-01 01:41:21.300] [SCREENSHOT] Trigger is false, skipping capture
[2026-06-01 01:41:21.308] Sleeping for 10 seconds...
