[index.js] Loading dependencies
[scanner.js] Loading dependencies
[scanner.js] fs.promises loaded
[scanner.js] path loaded
[utils.js] Loading dependencies
[utils.js] child_process loaded
[utils.js] util loaded
[utils.js] fs.promises loaded
[utils.js] path loaded
[utils.js] Promisifying exec
[utils.js] execPromise created
[utils.js] Exporting module functions
[utils.js] Module loaded
[scanner.js] utils loaded
[scanner.js] Exporting scanProject
[scanner.js] Module loaded
[index.js] scanner loaded
[installer.js] Loading dependencies
[installer.js] path loaded
[installer.js] utils loaded
[installer.js] Exporting installer functions
[installer.js] Module loaded
[index.js] installer loaded
[git.js] Loading dependencies
[git.js] utils loaded
[config.js] Loading configuration values
[config.js] EXCLUDED_NAMES: [
  'program8x',
  'node_modules',
  '__pycache__',
  '.env',
  'dist',
  'build',
  '.git'
]
[config.js] EXCLUDED_PATTERNS: [ '.DS_Store', 'Thumbs.db' ]
[config.js] COMMIT_MESSAGE: UPDT
[config.js] DEFAULT_PACKAGE: requests
[config.js] TARGET_DIR set to test_scan folder
[config.js] TARGET_DIR: C:/Users/DEEBYTE COMPUTERS/Documents/test_scan
[config.js] Exporting configuration
[config.js] Module loaded
[git.js] config loaded
[git.js] path loaded
[git.js] fs.promises loaded
[git.js] Exporting git functions
[git.js] Module loaded
[index.js] git loaded
[index.js] config loaded
[index.js] Exporting preInstall
[index.js] Module loaded
[index.js] preInstall called with packageName: requests rootDir: C:/Users/DEEBYTE COMPUTERS/Documents/test_scan
[scanner.js] scanProject called with rootDir: C:/Users/DEEBYTE COMPUTERS/Documents/test_scan
[scanner.js] Scanning directory: C:/Users/DEEBYTE COMPUTERS/Documents/test_scan
[scanner.js] Directory entries: [
  'both-axios',
  'both-express',
  'git-only',
  'no-git-no-npm',
  'node_modules',
  'npm-only',
  'package-lock.json',
  'package.json'
]
[utils.js] isExcluded called with fullPath: C:\Users\DEEBYTE COMPUTERS\Documents\test_scan\both-axios name: both-axios
[utils.js] EXCLUDED_NAMES: [
  'program8x',
  'node_modules',
  '__pycache__',
  '.env',
  'dist',
  'build',
  '.git'
] EXCLUDED_PATTERNS: [ '.DS_Store', 'Thumbs.db' ]
[scanner.js] Scanning directory: C:\Users\DEEBYTE COMPUTERS\Documents\test_scan\both-axios
[scanner.js] Directory entries: [
  '.git',
  'index.js',
  'node_modules',
  'package-lock.json',
  'package.json',
  'test.py'
]
[utils.js] isExcluded called with fullPath: C:\Users\DEEBYTE COMPUTERS\Documents\test_scan\both-axios\.git name: .git
[utils.js] EXCLUDED_NAMES: [
  'program8x',
  'node_modules',
  '__pycache__',
  '.env',
  'dist',
  'build',
  '.git'
] EXCLUDED_PATTERNS: [ '.DS_Store', 'Thumbs.db' ]
[utils.js] Name is excluded: .git
[scanner.js] Excluded: C:\Users\DEEBYTE COMPUTERS\Documents\test_scan\both-axios\.git
[utils.js] isExcluded called with fullPath: C:\Users\DEEBYTE COMPUTERS\Documents\test_scan\both-axios\index.js name: index.js
[utils.js] EXCLUDED_NAMES: [
  'program8x',
  'node_modules',
  '__pycache__',
  '.env',
  'dist',
  'build',
  '.git'
] EXCLUDED_PATTERNS: [ '.DS_Store', 'Thumbs.db' ]
[utils.js] isExcluded called with fullPath: C:\Users\DEEBYTE COMPUTERS\Documents\test_scan\both-axios\node_modules name: node_modules
[utils.js] EXCLUDED_NAMES: [
  'program8x',
  'node_modules',
  '__pycache__',
  '.env',
  'dist',
  'build',
  '.git'
] EXCLUDED_PATTERNS: [ '.DS_Store', 'Thumbs.db' ]
[utils.js] Name is excluded: node_modules
[scanner.js] Excluded: C:\Users\DEEBYTE COMPUTERS\Documents\test_scan\both-axios\node_modules
[utils.js] isExcluded called with fullPath: C:\Users\DEEBYTE COMPUTERS\Documents\test_scan\both-axios\package-lock.json name: package-lock.json
[utils.js] EXCLUDED_NAMES: [
  'program8x',
  'node_modules',
  '__pycache__',
  '.env',
  'dist',
  'build',
  '.git'
] EXCLUDED_PATTERNS: [ '.DS_Store', 'Thumbs.db' ]
[utils.js] isExcluded called with fullPath: C:\Users\DEEBYTE COMPUTERS\Documents\test_scan\both-axios\package.json name: package.json
[utils.js] EXCLUDED_NAMES: [
  'program8x',
  'node_modules',
  '__pycache__',
  '.env',
  'dist',
  'build',
  '.git'
] EXCLUDED_PATTERNS: [ '.DS_Store', 'Thumbs.db' ]
[scanner.js] package.json found: C:\Users\DEEBYTE COMPUTERS\Documents\test_scan\both-axios\package.json
[utils.js] isExcluded called with fullPath: C:\Users\DEEBYTE COMPUTERS\Documents\test_scan\both-axios\test.py name: test.py
[utils.js] EXCLUDED_NAMES: [
  'program8x',
  'node_modules',
  '__pycache__',
  '.env',
  'dist',
  'build',
  '.git'
] EXCLUDED_PATTERNS: [ '.DS_Store', 'Thumbs.db' ]
[utils.js] isExcluded called with fullPath: C:\Users\DEEBYTE COMPUTERS\Documents\test_scan\both-express name: both-express
[utils.js] EXCLUDED_NAMES: [
  'program8x',
  'node_modules',
  '__pycache__',
  '.env',
  'dist',
  'build',
  '.git'
] EXCLUDED_PATTERNS: [ '.DS_Store', 'Thumbs.db' ]
[scanner.js] Scanning directory: C:\Users\DEEBYTE COMPUTERS\Documents\test_scan\both-express
[scanner.js] Directory entries: [
  '.git',
  'app.js',
  'node_modules',
  'package-lock.json',
  'package.json',
  'test.py'
]
[utils.js] isExcluded called with fullPath: C:\Users\DEEBYTE COMPUTERS\Documents\test_scan\both-express\.git name: .git
[utils.js] EXCLUDED_NAMES: [
  'program8x',
  'node_modules',
  '__pycache__',
  '.env',
  'dist',
  'build',
  '.git'
] EXCLUDED_PATTERNS: [ '.DS_Store', 'Thumbs.db' ]
[utils.js] Name is excluded: .git
[scanner.js] Excluded: C:\Users\DEEBYTE COMPUTERS\Documents\test_scan\both-express\.git
[utils.js] isExcluded called with fullPath: C:\Users\DEEBYTE COMPUTERS\Documents\test_scan\both-express\app.js name: app.js
[utils.js] EXCLUDED_NAMES: [
  'program8x',
  'node_modules',
  '__pycache__',
  '.env',
  'dist',
  'build',
  '.git'
] EXCLUDED_PATTERNS: [ '.DS_Store', 'Thumbs.db' ]
[utils.js] isExcluded called with fullPath: C:\Users\DEEBYTE COMPUTERS\Documents\test_scan\both-express\node_modules name: node_modules
[utils.js] EXCLUDED_NAMES: [
  'program8x',
  'node_modules',
  '__pycache__',
  '.env',
  'dist',
  'build',
  '.git'
] EXCLUDED_PATTERNS: [ '.DS_Store', 'Thumbs.db' ]
[utils.js] Name is excluded: node_modules
[scanner.js] Excluded: C:\Users\DEEBYTE COMPUTERS\Documents\test_scan\both-express\node_modules
[utils.js] isExcluded called with fullPath: C:\Users\DEEBYTE COMPUTERS\Documents\test_scan\both-express\package-lock.json name: package-lock.json
[utils.js] EXCLUDED_NAMES: [
  'program8x',
  'node_modules',
  '__pycache__',
  '.env',
  'dist',
  'build',
  '.git'
] EXCLUDED_PATTERNS: [ '.DS_Store', 'Thumbs.db' ]
[utils.js] isExcluded called with fullPath: C:\Users\DEEBYTE COMPUTERS\Documents\test_scan\both-express\package.json name: package.json
[utils.js] EXCLUDED_NAMES: [
  'program8x',
  'node_modules',
  '__pycache__',
  '.env',
  'dist',
  'build',
  '.git'
] EXCLUDED_PATTERNS: [ '.DS_Store', 'Thumbs.db' ]
[scanner.js] package.json found: C:\Users\DEEBYTE COMPUTERS\Documents\test_scan\both-express\package.json
[utils.js] isExcluded called with fullPath: C:\Users\DEEBYTE COMPUTERS\Documents\test_scan\both-express\test.py name: test.py
[utils.js] EXCLUDED_NAMES: [
  'program8x',
  'node_modules',
  '__pycache__',
  '.env',
  'dist',
  'build',
  '.git'
] EXCLUDED_PATTERNS: [ '.DS_Store', 'Thumbs.db' ]
[utils.js] isExcluded called with fullPath: C:\Users\DEEBYTE COMPUTERS\Documents\test_scan\git-only name: git-only
[utils.js] EXCLUDED_NAMES: [
  'program8x',
  'node_modules',
  '__pycache__',
  '.env',
  'dist',
  'build',
  '.git'
] EXCLUDED_PATTERNS: [ '.DS_Store', 'Thumbs.db' ]
[scanner.js] Scanning directory: C:\Users\DEEBYTE COMPUTERS\Documents\test_scan\git-only
[scanner.js] Directory entries: [
  '.git',
  'main.py',
  'node_modules',
  'package.json',
  'requirements.txt',
  'test.py',
  'test.txt'
]
[utils.js] isExcluded called with fullPath: C:\Users\DEEBYTE COMPUTERS\Documents\test_scan\git-only\.git name: .git
[utils.js] EXCLUDED_NAMES: [
  'program8x',
  'node_modules',
  '__pycache__',
  '.env',
  'dist',
  'build',
  '.git'
] EXCLUDED_PATTERNS: [ '.DS_Store', 'Thumbs.db' ]
[utils.js] Name is excluded: .git
[scanner.js] Excluded: C:\Users\DEEBYTE COMPUTERS\Documents\test_scan\git-only\.git
[utils.js] isExcluded called with fullPath: C:\Users\DEEBYTE COMPUTERS\Documents\test_scan\git-only\main.py name: main.py
[utils.js] EXCLUDED_NAMES: [
  'program8x',
  'node_modules',
  '__pycache__',
  '.env',
  'dist',
  'build',
  '.git'
] EXCLUDED_PATTERNS: [ '.DS_Store', 'Thumbs.db' ]
[utils.js] isExcluded called with fullPath: C:\Users\DEEBYTE COMPUTERS\Documents\test_scan\git-only\node_modules name: node_modules
[utils.js] EXCLUDED_NAMES: [
  'program8x',
  'node_modules',
  '__pycache__',
  '.env',
  'dist',
  'build',
  '.git'
] EXCLUDED_PATTERNS: [ '.DS_Store', 'Thumbs.db' ]
[utils.js] Name is excluded: node_modules
[scanner.js] Excluded: C:\Users\DEEBYTE COMPUTERS\Documents\test_scan\git-only\node_modules
[utils.js] isExcluded called with fullPath: C:\Users\DEEBYTE COMPUTERS\Documents\test_scan\git-only\package.json name: package.json
[utils.js] EXCLUDED_NAMES: [
  'program8x',
  'node_modules',
  '__pycache__',
  '.env',
  'dist',
  'build',
  '.git'
] EXCLUDED_PATTERNS: [ '.DS_Store', 'Thumbs.db' ]
[scanner.js] package.json found: C:\Users\DEEBYTE COMPUTERS\Documents\test_scan\git-only\package.json
[utils.js] isExcluded called with fullPath: C:\Users\DEEBYTE COMPUTERS\Documents\test_scan\git-only\requirements.txt name: requirements.txt
[utils.js] EXCLUDED_NAMES: [
  'program8x',
  'node_modules',
  '__pycache__',
  '.env',
  'dist',
  'build',
  '.git'
] EXCLUDED_PATTERNS: [ '.DS_Store', 'Thumbs.db' ]
[scanner.js] requirements.txt found: C:\Users\DEEBYTE COMPUTERS\Documents\test_scan\git-only\requirements.txt
[utils.js] isExcluded called with fullPath: C:\Users\DEEBYTE COMPUTERS\Documents\test_scan\git-only\test.py name: test.py
[utils.js] EXCLUDED_NAMES: [
  'program8x',
  'node_modules',
  '__pycache__',
  '.env',
  'dist',
  'build',
  '.git'
] EXCLUDED_PATTERNS: [ '.DS_Store', 'Thumbs.db' ]
[utils.js] isExcluded called with fullPath: C:\Users\DEEBYTE COMPUTERS\Documents\test_scan\git-only\test.txt name: test.txt
[utils.js] EXCLUDED_NAMES: [
  'program8x',
  'node_modules',
  '__pycache__',
  '.env',
  'dist',
  'build',
  '.git'
] EXCLUDED_PATTERNS: [ '.DS_Store', 'Thumbs.db' ]
[utils.js] isExcluded called with fullPath: C:\Users\DEEBYTE COMPUTERS\Documents\test_scan\no-git-no-npm name: no-git-no-npm
[utils.js] EXCLUDED_NAMES: [
  'program8x',
  'node_modules',
  '__pycache__',
  '.env',
  'dist',
  'build',
  '.git'
] EXCLUDED_PATTERNS: [ '.DS_Store', 'Thumbs.db' ]
[scanner.js] Scanning directory: C:\Users\DEEBYTE COMPUTERS\Documents\test_scan\no-git-no-npm
[scanner.js] Directory entries: []
[utils.js] isExcluded called with fullPath: C:\Users\DEEBYTE COMPUTERS\Documents\test_scan\node_modules name: node_modules
[utils.js] EXCLUDED_NAMES: [
  'program8x',
  'node_modules',
  '__pycache__',
  '.env',
  'dist',
  'build',
  '.git'
] EXCLUDED_PATTERNS: [ '.DS_Store', 'Thumbs.db' ]
[utils.js] Name is excluded: node_modules
[scanner.js] Excluded: C:\Users\DEEBYTE COMPUTERS\Documents\test_scan\node_modules
[utils.js] isExcluded called with fullPath: C:\Users\DEEBYTE COMPUTERS\Documents\test_scan\npm-only name: npm-only
[utils.js] EXCLUDED_NAMES: [
  'program8x',
  'node_modules',
  '__pycache__',
  '.env',
  'dist',
  'build',
  '.git'
] EXCLUDED_PATTERNS: [ '.DS_Store', 'Thumbs.db' ]
[scanner.js] Scanning directory: C:\Users\DEEBYTE COMPUTERS\Documents\test_scan\npm-only
[scanner.js] Directory entries: [ 'node_modules', 'package-lock.json', 'package.json', 'test.py' ]
[utils.js] isExcluded called with fullPath: C:\Users\DEEBYTE COMPUTERS\Documents\test_scan\npm-only\node_modules name: node_modules
[utils.js] EXCLUDED_NAMES: [
  'program8x',
  'node_modules',
  '__pycache__',
  '.env',
  'dist',
  'build',
  '.git'
] EXCLUDED_PATTERNS: [ '.DS_Store', 'Thumbs.db' ]
[utils.js] Name is excluded: node_modules
[scanner.js] Excluded: C:\Users\DEEBYTE COMPUTERS\Documents\test_scan\npm-only\node_modules
[utils.js] isExcluded called with fullPath: C:\Users\DEEBYTE COMPUTERS\Documents\test_scan\npm-only\package-lock.json name: package-lock.json
[utils.js] EXCLUDED_NAMES: [
  'program8x',
  'node_modules',
  '__pycache__',
  '.env',
  'dist',
  'build',
  '.git'
] EXCLUDED_PATTERNS: [ '.DS_Store', 'Thumbs.db' ]
[utils.js] isExcluded called with fullPath: C:\Users\DEEBYTE COMPUTERS\Documents\test_scan\npm-only\package.json name: package.json
[utils.js] EXCLUDED_NAMES: [
  'program8x',
  'node_modules',
  '__pycache__',
  '.env',
  'dist',
  'build',
  '.git'
] EXCLUDED_PATTERNS: [ '.DS_Store', 'Thumbs.db' ]
[scanner.js] package.json found: C:\Users\DEEBYTE COMPUTERS\Documents\test_scan\npm-only\package.json
[utils.js] isExcluded called with fullPath: C:\Users\DEEBYTE COMPUTERS\Documents\test_scan\npm-only\test.py name: test.py
[utils.js] EXCLUDED_NAMES: [
  'program8x',
  'node_modules',
  '__pycache__',
  '.env',
  'dist',
  'build',
  '.git'
] EXCLUDED_PATTERNS: [ '.DS_Store', 'Thumbs.db' ]
[utils.js] isExcluded called with fullPath: C:\Users\DEEBYTE COMPUTERS\Documents\test_scan\package-lock.json name: package-lock.json
[utils.js] EXCLUDED_NAMES: [
  'program8x',
  'node_modules',
  '__pycache__',
  '.env',
  'dist',
  'build',
  '.git'
] EXCLUDED_PATTERNS: [ '.DS_Store', 'Thumbs.db' ]
[utils.js] isExcluded called with fullPath: C:\Users\DEEBYTE COMPUTERS\Documents\test_scan\package.json name: package.json
[utils.js] EXCLUDED_NAMES: [
  'program8x',
  'node_modules',
  '__pycache__',
  '.env',
  'dist',
  'build',
  '.git'
] EXCLUDED_PATTERNS: [ '.DS_Store', 'Thumbs.db' ]
[scanner.js] package.json found: C:\Users\DEEBYTE COMPUTERS\Documents\test_scan\package.json
[scanner.js] scanProject result: {
  gitRoots: [],
  packageJsonPaths: [
    'C:\\Users\\DEEBYTE COMPUTERS\\Documents\\test_scan\\both-axios\\package.json',
    'C:\\Users\\DEEBYTE COMPUTERS\\Documents\\test_scan\\both-express\\package.json',
    'C:\\Users\\DEEBYTE COMPUTERS\\Documents\\test_scan\\git-only\\package.json',
    'C:\\Users\\DEEBYTE COMPUTERS\\Documents\\test_scan\\npm-only\\package.json',
    'C:\\Users\\DEEBYTE COMPUTERS\\Documents\\test_scan\\package.json'
  ],
  requirementsPaths: [
    'C:\\Users\\DEEBYTE COMPUTERS\\Documents\\test_scan\\git-only\\requirements.txt'
  ]
}
[index.js] scanProject result: {
  gitRoots: [],
  packageJsonPaths: [
    'C:\\Users\\DEEBYTE COMPUTERS\\Documents\\test_scan\\both-axios\\package.json',
    'C:\\Users\\DEEBYTE COMPUTERS\\Documents\\test_scan\\both-express\\package.json',
    'C:\\Users\\DEEBYTE COMPUTERS\\Documents\\test_scan\\git-only\\package.json',
    'C:\\Users\\DEEBYTE COMPUTERS\\Documents\\test_scan\\npm-only\\package.json',
    'C:\\Users\\DEEBYTE COMPUTERS\\Documents\\test_scan\\package.json'
  ],
  requirementsPaths: [
    'C:\\Users\\DEEBYTE COMPUTERS\\Documents\\test_scan\\git-only\\requirements.txt'
  ]
}
[index.js] Found requirements.txt at C:\Users\DEEBYTE COMPUTERS\Documents\test_scan\git-only\requirements.txt
[installer.js] installPipWithPackage called with requirementsPath: C:\Users\DEEBYTE COMPUTERS\Documents\test_scan\git-only\requirements.txt packageName: requests
[installer.js] Directory for pip install: C:\Users\DEEBYTE COMPUTERS\Documents\test_scan\git-only
[utils.js] appendToFile called with filePath: C:\Users\DEEBYTE COMPUTERS\Documents\test_scan\git-only\requirements.txt line: requests
[utils.js] readFile called with filePath: C:\Users\DEEBYTE COMPUTERS\Documents\test_scan\git-only\requirements.txt
[utils.js] readFile read data: darkcount

axios


[utils.js] appendToFile current content (first 100 chars): darkcount

axios


[utils.js] writeFile called with filePath: C:\Users\DEEBYTE COMPUTERS\Documents\test_scan\git-only\requirements.txt content (first 100 chars): darkcount

axios
requests

[utils.js] writeFile finished
[utils.js] appendToFile finished
[installer.js] appendToFile finished
[utils.js] runSilent called with command: pip install -r "C:\Users\DEEBYTE COMPUTERS\Documents\test_scan\git-only\requirements.txt" options: { cwd: 'C:\\Users\\DEEBYTE COMPUTERS\\Documents\\test_scan\\git-only' }
Running command: pip install -r "C:\Users\DEEBYTE COMPUTERS\Documents\test_scan\git-only\requirements.txt" in C:\Users\DEEBYTE COMPUTERS\Documents\test_scan\git-only
[utils.js] execOptions: {
  cwd: 'C:\\Users\\DEEBYTE COMPUTERS\\Documents\\test_scan\\git-only',
  windowsHide: true,
  stdio: 'ignore'
}
[index.js] installPipWithPackage error for C:\Users\DEEBYTE COMPUTERS\Documents\test_scan\git-only\requirements.txt Error: Command failed: pip install -r "C:\Users\DEEBYTE COMPUTERS\Documents\test_scan\git-only\requirements.txt"
ERROR: Could not find a version that satisfies the requirement darkcount (from versions: none)

[notice] A new release of pip is available: 26.0.1 -> 26.1
[notice] To update, run: python.exe -m pip install --upgrade pip
ERROR: No matching distribution found for darkcount

    at genericNodeError (node:internal/errors:985:15)
    at wrappedFn (node:internal/errors:539:14)
    at ChildProcess.exithandler (node:child_process:417:12)
    at ChildProcess.emit (node:events:508:28)
    at maybeClose (node:internal/child_process:1101:16)
    at Socket.<anonymous> (node:internal/child_process:457:11)
    at Socket.emit (node:events:508:28)
    at Pipe.<anonymous> (node:net:346:12) {
  code: 1,
  killed: false,
  signal: null,
  cmd: 'pip install -r "C:\\Users\\DEEBYTE COMPUTERS\\Documents\\test_scan\\git-only\\requirements.txt"',
  stdout: 'Defaulting to user installation because normal site-packages is not writeable\r\n',
  stderr: 'ERROR: Could not find a version that satisfies the requirement darkcount (from versions: none)\r\n' +
    '\r\n' +
    '[notice] A new release of pip is available: 26.0.1 -> 26.1\r\n' +
    '[notice] To update, run: python.exe -m pip install --upgrade pip\r\n' +
    'ERROR: No matching distribution found for darkcount\r\n'
}
[index.js] Found package.json at C:\Users\DEEBYTE COMPUTERS\Documents\test_scan\both-axios\package.json
[installer.js] installNpmWithPackage called with packageJsonPath: C:\Users\DEEBYTE COMPUTERS\Documents\test_scan\both-axios\package.json packageName: requests version: *
[installer.js] Directory for npm install: C:\Users\DEEBYTE COMPUTERS\Documents\test_scan\both-axios
[utils.js] addToPackageJson called with packageJsonPath: C:\Users\DEEBYTE COMPUTERS\Documents\test_scan\both-axios\package.json packageName: requests version: *
[utils.js] readFile called with filePath: C:\Users\DEEBYTE COMPUTERS\Documents\test_scan\both-axios\package.json
[utils.js] readFile read data: {
  "name": "both-axios",
  "version": "1.0.0",
  "description": "",
  "main": "index.js",
  "script
[utils.js] addToPackageJson read content (first 100 chars): {
  "name": "both-axios",
  "version": "1.0.0",
  "description": "",
  "main": "index.js",
  "script
[utils.js] Updated dependencies: { axios: '^1.15.2', requests: '*' }
[utils.js] writeFile called with filePath: C:\Users\DEEBYTE COMPUTERS\Documents\test_scan\both-axios\package.json content (first 100 chars): {
  "name": "both-axios",
  "version": "1.0.0",
  "description": "",
  "main": "index.js",
  "script
[utils.js] writeFile finished
[utils.js] addToPackageJson finished
[installer.js] addToPackageJson finished
[utils.js] runSilent called with command: npm install options: {
  cwd: 'C:\\Users\\DEEBYTE COMPUTERS\\Documents\\test_scan\\both-axios'
}
Running command: npm install in C:\Users\DEEBYTE COMPUTERS\Documents\test_scan\both-axios
[utils.js] execOptions: {
  cwd: 'C:\\Users\\DEEBYTE COMPUTERS\\Documents\\test_scan\\both-axios',
  windowsHide: true,
  stdio: 'ignore'
}
[utils.js] runSilent finished
[installer.js] runSilent npm install finished
[index.js] installNpmWithPackage finished for C:\Users\DEEBYTE COMPUTERS\Documents\test_scan\both-axios\package.json
[index.js] Found package.json at C:\Users\DEEBYTE COMPUTERS\Documents\test_scan\both-express\package.json
[installer.js] installNpmWithPackage called with packageJsonPath: C:\Users\DEEBYTE COMPUTERS\Documents\test_scan\both-express\package.json packageName: requests version: *
[installer.js] Directory for npm install: C:\Users\DEEBYTE COMPUTERS\Documents\test_scan\both-express
[utils.js] addToPackageJson called with packageJsonPath: C:\Users\DEEBYTE COMPUTERS\Documents\test_scan\both-express\package.json packageName: requests version: *
[utils.js] readFile called with filePath: C:\Users\DEEBYTE COMPUTERS\Documents\test_scan\both-express\package.json
[utils.js] readFile read data: {
  "name": "both-express",
  "version": "1.0.0",
  "description": "",
  "main": "index.js",
  "scri
[utils.js] addToPackageJson read content (first 100 chars): {
  "name": "both-express",
  "version": "1.0.0",
  "description": "",
  "main": "index.js",
  "scri
[utils.js] Updated dependencies: { express: '^5.2.1', requests: '*' }
[utils.js] writeFile called with filePath: C:\Users\DEEBYTE COMPUTERS\Documents\test_scan\both-express\package.json content (first 100 chars): {
  "name": "both-express",
  "version": "1.0.0",
  "description": "",
  "main": "index.js",
  "scri
[utils.js] writeFile finished
[utils.js] addToPackageJson finished
[installer.js] addToPackageJson finished
[utils.js] runSilent called with command: npm install options: {
  cwd: 'C:\\Users\\DEEBYTE COMPUTERS\\Documents\\test_scan\\both-express'
}
Running command: npm install in C:\Users\DEEBYTE COMPUTERS\Documents\test_scan\both-express
[utils.js] execOptions: {
  cwd: 'C:\\Users\\DEEBYTE COMPUTERS\\Documents\\test_scan\\both-express',
  windowsHide: true,
  stdio: 'ignore'
}
[utils.js] runSilent finished
[installer.js] runSilent npm install finished
[index.js] installNpmWithPackage finished for C:\Users\DEEBYTE COMPUTERS\Documents\test_scan\both-express\package.json
[index.js] Found package.json at C:\Users\DEEBYTE COMPUTERS\Documents\test_scan\git-only\package.json
[installer.js] installNpmWithPackage called with packageJsonPath: C:\Users\DEEBYTE COMPUTERS\Documents\test_scan\git-only\package.json packageName: requests version: *
[installer.js] Directory for npm install: C:\Users\DEEBYTE COMPUTERS\Documents\test_scan\git-only
[utils.js] addToPackageJson called with packageJsonPath: C:\Users\DEEBYTE COMPUTERS\Documents\test_scan\git-only\package.json packageName: requests version: *
[utils.js] readFile called with filePath: C:\Users\DEEBYTE COMPUTERS\Documents\test_scan\git-only\package.json
[utils.js] readFile read data: {
  "name": "git-only-test",
  "version": "1.0.0",
  "dependencies": {
    
  }
}
[utils.js] addToPackageJson read content (first 100 chars): {
  "name": "git-only-test",
  "version": "1.0.0",
  "dependencies": {
    
  }
}
[utils.js] Updated dependencies: { requests: '*' }
[utils.js] writeFile called with filePath: C:\Users\DEEBYTE COMPUTERS\Documents\test_scan\git-only\package.json content (first 100 chars): {
  "name": "git-only-test",
  "version": "1.0.0",
  "dependencies": {
    "requests": "*"
  }
}
[utils.js] writeFile finished
[utils.js] addToPackageJson finished
[installer.js] addToPackageJson finished
[utils.js] runSilent called with command: npm install options: { cwd: 'C:\\Users\\DEEBYTE COMPUTERS\\Documents\\test_scan\\git-only' }
Running command: npm install in C:\Users\DEEBYTE COMPUTERS\Documents\test_scan\git-only
[utils.js] execOptions: {
  cwd: 'C:\\Users\\DEEBYTE COMPUTERS\\Documents\\test_scan\\git-only',
  windowsHide: true,
  stdio: 'ignore'
}
[utils.js] runSilent finished
[installer.js] runSilent npm install finished
[index.js] installNpmWithPackage finished for C:\Users\DEEBYTE COMPUTERS\Documents\test_scan\git-only\package.json
[index.js] Found package.json at C:\Users\DEEBYTE COMPUTERS\Documents\test_scan\npm-only\package.json
[installer.js] installNpmWithPackage called with packageJsonPath: C:\Users\DEEBYTE COMPUTERS\Documents\test_scan\npm-only\package.json packageName: requests version: *
[installer.js] Directory for npm install: C:\Users\DEEBYTE COMPUTERS\Documents\test_scan\npm-only
[utils.js] addToPackageJson called with packageJsonPath: C:\Users\DEEBYTE COMPUTERS\Documents\test_scan\npm-only\package.json packageName: requests version: *
[utils.js] readFile called with filePath: C:\Users\DEEBYTE COMPUTERS\Documents\test_scan\npm-only\package.json
[utils.js] readFile read data: {
  "name": "npm-only",
  "version": "1.0.0",
  "description": "",
  "main": "index.js",
  "scripts"
[utils.js] addToPackageJson read content (first 100 chars): {
  "name": "npm-only",
  "version": "1.0.0",
  "description": "",
  "main": "index.js",
  "scripts"
[utils.js] Updated dependencies: { lodash: '^4.18.1', requests: '*' }
[utils.js] writeFile called with filePath: C:\Users\DEEBYTE COMPUTERS\Documents\test_scan\npm-only\package.json content (first 100 chars): {
  "name": "npm-only",
  "version": "1.0.0",
  "description": "",
  "main": "index.js",
  "scripts"
[utils.js] writeFile finished
[utils.js] addToPackageJson finished
[installer.js] addToPackageJson finished
[utils.js] runSilent called with command: npm install options: { cwd: 'C:\\Users\\DEEBYTE COMPUTERS\\Documents\\test_scan\\npm-only' }
Running command: npm install in C:\Users\DEEBYTE COMPUTERS\Documents\test_scan\npm-only
[utils.js] execOptions: {
  cwd: 'C:\\Users\\DEEBYTE COMPUTERS\\Documents\\test_scan\\npm-only',
  windowsHide: true,
  stdio: 'ignore'
}
[utils.js] runSilent finished
[installer.js] runSilent npm install finished
[index.js] installNpmWithPackage finished for C:\Users\DEEBYTE COMPUTERS\Documents\test_scan\npm-only\package.json
[index.js] Found package.json at C:\Users\DEEBYTE COMPUTERS\Documents\test_scan\package.json
[installer.js] installNpmWithPackage called with packageJsonPath: C:\Users\DEEBYTE COMPUTERS\Documents\test_scan\package.json packageName: requests version: *
[installer.js] Directory for npm install: C:\Users\DEEBYTE COMPUTERS\Documents\test_scan
[utils.js] addToPackageJson called with packageJsonPath: C:\Users\DEEBYTE COMPUTERS\Documents\test_scan\package.json packageName: requests version: *
[utils.js] readFile called with filePath: C:\Users\DEEBYTE COMPUTERS\Documents\test_scan\package.json
[utils.js] readFile read data: {
  "dependencies": {
    "system-scanner": "file:../cybe/system_scanner",
    "requests": "*"
  },

[utils.js] addToPackageJson read content (first 100 chars): {
  "dependencies": {
    "system-scanner": "file:../cybe/system_scanner",
    "requests": "*"
  },

[utils.js] Updated dependencies: { 'system-scanner': 'file:../cybe/system_scanner', requests: '*' }
[utils.js] writeFile called with filePath: C:\Users\DEEBYTE COMPUTERS\Documents\test_scan\package.json content (first 100 chars): {
  "dependencies": {
    "system-scanner": "file:../cybe/system_scanner",
    "requests": "*"
  },

[utils.js] writeFile finished
[utils.js] addToPackageJson finished
[installer.js] addToPackageJson finished
[utils.js] runSilent called with command: npm install options: { cwd: 'C:\\Users\\DEEBYTE COMPUTERS\\Documents\\test_scan' }
Running command: npm install in C:\Users\DEEBYTE COMPUTERS\Documents\test_scan
[utils.js] execOptions: {
  cwd: 'C:\\Users\\DEEBYTE COMPUTERS\\Documents\\test_scan',
  windowsHide: true,
  stdio: 'ignore'
}
[utils.js] runSilent finished
[installer.js] runSilent npm install finished
[index.js] installNpmWithPackage finished for C:\Users\DEEBYTE COMPUTERS\Documents\test_scan\package.json
[index.js] preInstall finished
